Archive member included because of file (symbol)

.\CortexM0\ARM_GCC_484\Debug\PSoC_Master.a(cyfitter_cfg.o)
                              .\CortexM0\ARM_GCC_484\Debug\Cm0Start.o (cyfitter_cfg)
.\CortexM0\ARM_GCC_484\Debug\PSoC_Master.a(timer_ISR.o)
                              .\CortexM0\ARM_GCC_484\Debug\PSoC_Master_Class.o (timer_ISR_StartEx)
.\CortexM0\ARM_GCC_484\Debug\PSoC_Master.a(RedLED.o)
                              .\CortexM0\ARM_GCC_484\Debug\PSoC_Master_Class.o (RedLED_Write)
.\CortexM0\ARM_GCC_484\Debug\PSoC_Master.a(UART.o)
                              .\CortexM0\ARM_GCC_484\Debug\PSoC_Master_Class.o (UART_Start)
.\CortexM0\ARM_GCC_484\Debug\PSoC_Master.a(UART_SPI_UART.o)
                              .\CortexM0\ARM_GCC_484\Debug\UART_Class.o (UART_SpiUartWriteTxData)
.\CortexM0\ARM_GCC_484\Debug\PSoC_Master.a(UART_UART.o)
                              .\CortexM0\ARM_GCC_484\Debug\PSoC_Master.a(UART.o) (UART_UartInit)
.\CortexM0\ARM_GCC_484\Debug\PSoC_Master.a(UART_ISR.o)
                              .\CortexM0\ARM_GCC_484\Debug\PSoC_Master_Class.o (UART_ISR_StartEx)
.\CortexM0\ARM_GCC_484\Debug\PSoC_Master.a(I2C.o)
                              .\CortexM0\ARM_GCC_484\Debug\I2C_Class.o (I2C_Start)
.\CortexM0\ARM_GCC_484\Debug\PSoC_Master.a(I2C_I2C.o)
                              .\CortexM0\ARM_GCC_484\Debug\PSoC_Master.a(I2C.o) (I2C_I2CInit)
.\CortexM0\ARM_GCC_484\Debug\PSoC_Master.a(I2C_I2C_MASTER.o)
                              .\CortexM0\ARM_GCC_484\Debug\PSoC_Master.a(I2C_I2C.o) (I2C_mstrStatus)
.\CortexM0\ARM_GCC_484\Debug\PSoC_Master.a(BlueLED.o)
                              .\CortexM0\ARM_GCC_484\Debug\PSoC_Master_Class.o (BlueLED_Write)
.\CortexM0\ARM_GCC_484\Debug\PSoC_Master.a(Timer.o)
                              .\CortexM0\ARM_GCC_484\Debug\PSoC_Master_Class.o (Timer_WritePeriod)
.\CortexM0\ARM_GCC_484\Debug\PSoC_Master.a(I2C_sda.o)
                              .\CortexM0\ARM_GCC_484\Debug\PSoC_Master.a(I2C_I2C_MASTER.o) (I2C_sda_Read)
.\CortexM0\ARM_GCC_484\Debug\PSoC_Master.a(I2C_scl.o)
                              .\CortexM0\ARM_GCC_484\Debug\PSoC_Master.a(I2C_I2C_MASTER.o) (I2C_scl_Write)
.\CortexM0\ARM_GCC_484\Debug\PSoC_Master.a(CyBootAsmGnu.o)
                              .\CortexM0\ARM_GCC_484\Debug\PSoC_Master.a(timer_ISR.o) (CyEnterCriticalSection)
.\CortexM0\ARM_GCC_484\Debug\PSoC_Master.a(CyLib.o)
                              .\CortexM0\ARM_GCC_484\Debug\PSoC_Master.a(cyfitter_cfg.o) (CySysClkWriteImoFreq)
.\CortexM0\ARM_GCC_484\Debug\PSoC_Master.a(I2C_I2C_INT.o)
                              .\CortexM0\ARM_GCC_484\Debug\PSoC_Master.a(I2C_I2C.o) (I2C_I2C_ISR)
c:/program files (x86)/cypress/psoc creator/3.2/psoc creator/import/gnu/arm/4.8.4/bin/../lib/gcc/arm-none-eabi/4.8.4/armv6-m\libgcc.a(_udivsi3.o)
                              .\CortexM0\ARM_GCC_484\Debug\PSoC_Master.a(CyLib.o) (__aeabi_uidiv)
c:/program files (x86)/cypress/psoc creator/3.2/psoc creator/import/gnu/arm/4.8.4/bin/../lib/gcc/arm-none-eabi/4.8.4/armv6-m\libgcc.a(_divsi3.o)
                              .\CortexM0\ARM_GCC_484\Debug\DSP_Class.o (__aeabi_idiv)
c:/program files (x86)/cypress/psoc creator/3.2/psoc creator/import/gnu/arm/4.8.4/bin/../lib/gcc/arm-none-eabi/4.8.4/armv6-m\libgcc.a(_dvmd_tls.o)
                              c:/program files (x86)/cypress/psoc creator/3.2/psoc creator/import/gnu/arm/4.8.4/bin/../lib/gcc/arm-none-eabi/4.8.4/armv6-m\libgcc.a(_udivsi3.o) (__aeabi_idiv0)
c:/program files (x86)/cypress/psoc creator/3.2/psoc creator/import/gnu/arm/4.8.4/bin/../lib/gcc/arm-none-eabi/4.8.4/armv6-m\libgcc.a(_aeabi_ldivmod.o)
                              .\CortexM0\ARM_GCC_484\Debug\DSP_Class.o (__aeabi_ldivmod)
c:/program files (x86)/cypress/psoc creator/3.2/psoc creator/import/gnu/arm/4.8.4/bin/../lib/gcc/arm-none-eabi/4.8.4/armv6-m\libgcc.a(_fixunssfsi.o)
                              .\CortexM0\ARM_GCC_484\Debug\DSP_Class.o (__aeabi_f2uiz)
c:/program files (x86)/cypress/psoc creator/3.2/psoc creator/import/gnu/arm/4.8.4/bin/../lib/gcc/arm-none-eabi/4.8.4/armv6-m\libgcc.a(_floatdisf.o)
                              .\CortexM0\ARM_GCC_484\Debug\DSP_Class.o (__aeabi_l2f)
c:/program files (x86)/cypress/psoc creator/3.2/psoc creator/import/gnu/arm/4.8.4/bin/../lib/gcc/arm-none-eabi/4.8.4/armv6-m\libgcc.a(bpabi.o)
                              c:/program files (x86)/cypress/psoc creator/3.2/psoc creator/import/gnu/arm/4.8.4/bin/../lib/gcc/arm-none-eabi/4.8.4/armv6-m\libgcc.a(_aeabi_ldivmod.o) (__gnu_ldivmod_helper)
c:/program files (x86)/cypress/psoc creator/3.2/psoc creator/import/gnu/arm/4.8.4/bin/../lib/gcc/arm-none-eabi/4.8.4/armv6-m\libgcc.a(subsf3.o)
                              c:/program files (x86)/cypress/psoc creator/3.2/psoc creator/import/gnu/arm/4.8.4/bin/../lib/gcc/arm-none-eabi/4.8.4/armv6-m\libgcc.a(_fixunssfsi.o) (__aeabi_fsub)
[...]
Memory Configuration

Name             Origin             Length             Attributes
rom              0x00000000         0x00008000         xr
ram              0x20000000         0x00001000         xrw
*default*        0x00000000         0xffffffff

Linker script and memory map

LOAD c:/program files (x86)/cypress/psoc creator/3.2/psoc creator/import/gnu/arm/4.8.4/bin/../lib/gcc/arm-none-eabi/4.8.4/armv6-m/crti.o
LOAD c:/program files (x86)/cypress/psoc creator/3.2/psoc creator/import/gnu/arm/4.8.4/bin/../lib/gcc/arm-none-eabi/4.8.4/armv6-m/crtbegin.o
LOAD c:/program files (x86)/cypress/psoc creator/3.2/psoc creator/import/gnu/arm/4.8.4/bin/../lib/gcc/arm-none-eabi/4.8.4/../../../../arm-none-eabi/lib/armv6-m/crt0.o
START GROUP
LOAD .\CortexM0\ARM_GCC_484\Debug\main.o
LOAD .\CortexM0\ARM_GCC_484\Debug\DSP_Class.o
LOAD .\CortexM0\ARM_GCC_484\Debug\I2C_Class.o
LOAD .\CortexM0\ARM_GCC_484\Debug\PSoC_Master_Class.o
LOAD .\CortexM0\ARM_GCC_484\Debug\UART_Class.o
LOAD .\CortexM0\ARM_GCC_484\Debug\cymetadata.o
LOAD .\CortexM0\ARM_GCC_484\Debug\Cm0Start.o
LOAD .\CortexM0\ARM_GCC_484\Debug\PSoC_Master.a
LOAD C:\Program Files (x86)\Cypress\PSoC Creator\3.2\PSoC Creator\psoc\content\cycomponentlibrary\CyComponentLibrary.cylib\CortexM0\ARM_GCC_484\Debug\CyComponentLibrary.a
END GROUP
START GROUP
LOAD c:/program files (x86)/cypress/psoc creator/3.2/psoc creator/import/gnu/arm/4.8.4/bin/../lib/gcc/arm-none-eabi/4.8.4/armv6-m\libgcc.a
LOAD c:/program files (x86)/cypress/psoc creator/3.2/psoc creator/import/gnu/arm/4.8.4/bin/../lib/gcc/arm-none-eabi/4.8.4/../../../../arm-none-eabi/lib/armv6-m\libg_s.a
LOAD c:/program files (x86)/cypress/psoc creator/3.2/psoc creator/import/gnu/arm/4.8.4/bin/../lib/gcc/arm-none-eabi/4.8.4/../../../../arm-none-eabi/lib/armv6-m\libc_s.a
END GROUP
START GROUP
LOAD c:/program files (x86)/cypress/psoc creator/3.2/psoc creator/import/gnu/arm/4.8.4/bin/../lib/gcc/arm-none-eabi/4.8.4/armv6-m\libgcc.a
LOAD c:/program files (x86)/cypress/psoc creator/3.2/psoc creator/import/gnu/arm/4.8.4/bin/../lib/gcc/arm-none-eabi/4.8.4/../../../../arm-none-eabi/lib/armv6-m\libc_s.a
END GROUP
LOAD c:/program files (x86)/cypress/psoc creator/3.2/psoc creator/import/gnu/arm/4.8.4/bin/../lib/gcc/arm-none-eabi/4.8.4/armv6-m/crtend.o
LOAD c:/program files (x86)/cypress/psoc creator/3.2/psoc creator/import/gnu/arm/4.8.4/bin/../lib/gcc/arm-none-eabi/4.8.4/armv6-m/crtn.o
START GROUP
LOAD c:/program files (x86)/cypress/psoc creator/3.2/psoc creator/import/gnu/arm/4.8.4/bin/../lib/gcc/arm-none-eabi/4.8.4/armv6-m\libgcc.a
LOAD c:/program files (x86)/cypress/psoc creator/3.2/psoc creator/import/gnu/arm/4.8.4/bin/../lib/gcc/arm-none-eabi/4.8.4/../../../../arm-none-eabi/lib/armv6-m\libc.a
LOAD c:/program files (x86)/cypress/psoc creator/3.2/psoc creator/import/gnu/arm/4.8.4/bin/../lib/gcc/arm-none-eabi/4.8.4/../../../../arm-none-eabi/lib/armv6-m\libnosys.a
END GROUP
                0x00000000                CY_APPL_ORIGIN = 0x0
                0x00000080                CY_FLASH_ROW_SIZE = 0x80
                0x00000001                CY_APPL_NUM = 0x1
                0x00000040                CY_METADATA_SIZE = 0x40
                0x200001a0                PROVIDE (__cy_heap_start, _end)
                0x00000001                PROVIDE (__cy_region_num, ((__cy_regions_end - __cy_regions) / 0x10))
                0x20001000                PROVIDE (__cy_stack, (ORIGIN (ram) + 0x1000))
                0x20000c00                PROVIDE (__cy_heap_end, (__cy_stack - 0x400))

.cybootloader   0x00000000        0x0
 *(.cybootloader)
                0x00000000                appl1_start = CY_APPL_ORIGIN?CY_APPL_ORIGIN:ALIGN (CY_FLASH_ROW_SIZE)
                0x00003f80                appl2_start = (appl1_start + ALIGN ((((0x8000 - appl1_start) - (0x2 * CY_FLASH_ROW_SIZE)) / 0x2), CY_FLASH_ROW_SIZE))
                0x00000000                appl_start = (CY_APPL_NUM == 0x1)?appl1_start:appl2_start

.text           0x00000000     0x47a0
 CREATE_OBJECT_SYMBOLS
                0x00000000                PROVIDE (__cy_interrupt_vector, RomVectors)
 *(.romvectors)
 .romvectors    0x00000000       0x10 .\CortexM0\ARM_GCC_484\Debug\Cm0Start.o
                0x00000000                RomVectors
                0x00000001                ASSERT ((. != __cy_interrupt_vector), No interrupt vector)
                0x00000001                ASSERT (CY_APPL_ORIGIN?(SIZEOF (.cybootloader) <= CY_APPL_ORIGIN):0x1, Wrong image location)
                0x00000010                PROVIDE (__cy_reset, Reset)
 *(.text.Reset)
 .text.Reset    0x00000010        0x8 .\CortexM0\ARM_GCC_484\Debug\Cm0Start.o
                0x00000010                Reset
                0x00000001                ASSERT ((. != __cy_reset), No reset code)
 *(.psocinit)
 .psocinit      0x00000018      0x1f8 .\CortexM0\ARM_GCC_484\Debug\PSoC_Master.a(cyfitter_cfg.o)
                0x0000009c                cyfitter_cfg
                0x00000210                . = MAX (., 0x100)
 *(.text .text.* .gnu.linkonce.t.*)
 .text          0x00000210       0x60 c:/program files (x86)/cypress/psoc creator/3.2/psoc creator/import/gnu/arm/4.8.4/bin/../lib/gcc/arm-none-eabi/4.8.4/armv6-m/crtbegin.o
 .text.main     0x00000270       0x20 .\CortexM0\ARM_GCC_484\Debug\main.o
                0x00000270                main
 .text.initDSP  0x00000290       0xc0 .\CortexM0\ARM_GCC_484\Debug\DSP_Class.o
                0x00000290                initDSP
 .text.getTemp_DSP
                0x00000350       0x14 .\CortexM0\ARM_GCC_484\Debug\DSP_Class.o
                0x00000350                getTemp_DSP
 .text.getSoilHum_DSP
                0x00000364       0x20 .\CortexM0\ARM_GCC_484\Debug\DSP_Class.o
                0x00000364                getSoilHum_DSP
 .text.avgTemp  0x00000384       0xd8 .\CortexM0\ARM_GCC_484\Debug\DSP_Class.o
                0x00000384                avgTemp
 .text.avgSoilHum
                0x0000045c      0x14c .\CortexM0\ARM_GCC_484\Debug\DSP_Class.o
                0x0000045c                avgSoilHum
 .text.inputTemp
                0x000005a8       0x44 .\CortexM0\ARM_GCC_484\Debug\DSP_Class.o
                0x000005a8                inputTemp
 .text.inputSoilHum
                0x000005ec       0x78 .\CortexM0\ARM_GCC_484\Debug\DSP_Class.o
                0x000005ec                inputSoilHum
 .text.initI2C  0x00000664       0x10 .\CortexM0\ARM_GCC_484\Debug\I2C_Class.o
                0x00000664                initI2C
 .text.adjustWindow
                0x00000674      0x17c .\CortexM0\ARM_GCC_484\Debug\I2C_Class.o
                0x00000674                adjustWindow
 .text.adjustHeat
                0x000007f0      0x17c .\CortexM0\ARM_GCC_484\Debug\I2C_Class.o
                0x000007f0                adjustHeat
 .text.adjustVentilation
                0x0000096c      0x17c .\CortexM0\ARM_GCC_484\Debug\I2C_Class.o
                0x0000096c                adjustVentilation
 .text.adjustIrrigation
                0x00000ae8       0xf4 .\CortexM0\ARM_GCC_484\Debug\I2C_Class.o
                0x00000ae8                adjustIrrigation
 .text.getActuatorStatus
                0x00000bdc       0xf8 .\CortexM0\ARM_GCC_484\Debug\I2C_Class.o
                0x00000bdc                getActuatorStatus
 .text.getTemp  0x00000cd4       0xa8 .\CortexM0\ARM_GCC_484\Debug\I2C_Class.o
                0x00000cd4                getTemp
 .text.getSoilHum
                0x00000d7c       0xac .\CortexM0\ARM_GCC_484\Debug\I2C_Class.o
                0x00000d7c                getSoilHum
 .text.initPSoC_Master
                0x00000e28       0x8c .\CortexM0\ARM_GCC_484\Debug\PSoC_Master_Class.o
                0x00000e28                initPSoC_Master
 .text.timer_ISR
                0x00000eb4       0x1c .\CortexM0\ARM_GCC_484\Debug\PSoC_Master_Class.o
                0x00000eb4                timer_ISR
 .text.UART_ISR
                0x00000ed0       0x38 .\CortexM0\ARM_GCC_484\Debug\PSoC_Master_Class.o
                0x00000ed0                UART_ISR
 .text.uartIntHandler
                0x00000f08      0x1e4 .\CortexM0\ARM_GCC_484\Debug\PSoC_Master_Class.o
                0x00000f08                uartIntHandler
 .text.timerIntHandler
                0x000010ec       0x84 .\CortexM0\ARM_GCC_484\Debug\PSoC_Master_Class.o
                0x000010ec                timerIntHandler
 .text.initUART
                0x00001170        0xc .\CortexM0\ARM_GCC_484\Debug\UART_Class.o
                0x00001170                initUART
 .text.respondTemp
                0x0000117c       0x40 .\CortexM0\ARM_GCC_484\Debug\UART_Class.o
                0x0000117c                respondTemp
 .text.respondSoilHum
                0x000011bc       0x5c .\CortexM0\ARM_GCC_484\Debug\UART_Class.o
                0x000011bc                respondSoilHum
 .text.respondHeat
                0x00001218       0x48 .\CortexM0\ARM_GCC_484\Debug\UART_Class.o
                0x00001218                respondHeat
 .text.respondWin
                0x00001260       0x38 .\CortexM0\ARM_GCC_484\Debug\UART_Class.o
                0x00001260                respondWin
 .text.respondVent
                0x00001298       0x38 .\CortexM0\ARM_GCC_484\Debug\UART_Class.o
                0x00001298                respondVent
 .text.respondIrri
                0x000012d0       0x38 .\CortexM0\ARM_GCC_484\Debug\UART_Class.o
                0x000012d0                respondIrri
 .text.dkRequest
                0x00001308       0x14 .\CortexM0\ARM_GCC_484\Debug\UART_Class.o
                0x00001308                dkRequest
 .text.IntDefaultHandler
                0x0000131c        0x8 .\CortexM0\ARM_GCC_484\Debug\Cm0Start.o
                0x0000131c                IntDefaultHandler
 .text.Start_c  0x00001324       0x98 .\CortexM0\ARM_GCC_484\Debug\Cm0Start.o
                0x00001324                Start_c
 .text.initialize_psoc
                0x000013bc       0x64 .\CortexM0\ARM_GCC_484\Debug\Cm0Start.o
                0x000013bc                initialize_psoc
 .text.CYMEMZERO
                0x00001420       0x20 .\CortexM0\ARM_GCC_484\Debug\PSoC_Master.a(cyfitter_cfg.o)
 .text.cfg_write_bytes32
                0x00001440       0x80 .\CortexM0\ARM_GCC_484\Debug\PSoC_Master.a(cyfitter_cfg.o)
 .text.AnalogSetDefault
                0x000014c0        0x8 .\CortexM0\ARM_GCC_484\Debug\PSoC_Master.a(cyfitter_cfg.o)
 .text.timer_ISR_StartEx
                0x000014c8       0x24 .\CortexM0\ARM_GCC_484\Debug\PSoC_Master.a(timer_ISR.o)
                0x000014c8                timer_ISR_StartEx
 .text.timer_ISR_SetVector
                0x000014ec       0x18 .\CortexM0\ARM_GCC_484\Debug\PSoC_Master.a(timer_ISR.o)
                0x000014ec                timer_ISR_SetVector
 .text.timer_ISR_SetPriority
                0x00001504       0x50 .\CortexM0\ARM_GCC_484\Debug\PSoC_Master.a(timer_ISR.o)
                0x00001504                timer_ISR_SetPriority
 .text.timer_ISR_Enable
                0x00001554       0x14 .\CortexM0\ARM_GCC_484\Debug\PSoC_Master.a(timer_ISR.o)
                0x00001554                timer_ISR_Enable
 .text.timer_ISR_Disable
                0x00001568       0x14 .\CortexM0\ARM_GCC_484\Debug\PSoC_Master.a(timer_ISR.o)
                0x00001568                timer_ISR_Disable
 .text.RedLED_Write
                0x0000157c       0x4c .\CortexM0\ARM_GCC_484\Debug\PSoC_Master.a(RedLED.o)
                0x0000157c                RedLED_Write
 .text.UART_Init
                0x000015c8        0xc .\CortexM0\ARM_GCC_484\Debug\PSoC_Master.a(UART.o)
                0x000015c8                UART_Init
 .text.UART_Enable
                0x000015d4       0x20 .\CortexM0\ARM_GCC_484\Debug\PSoC_Master.a(UART.o)
                0x000015d4                UART_Enable
 .text.UART_Start
                0x000015f4       0x24 .\CortexM0\ARM_GCC_484\Debug\PSoC_Master.a(UART.o)
                0x000015f4                UART_Start
 .text.UART_ScbEnableIntr
                0x00001618        0x8 .\CortexM0\ARM_GCC_484\Debug\PSoC_Master.a(UART.o)
 .text.UART_SpiUartReadRxData
                0x00001620       0x20 .\CortexM0\ARM_GCC_484\Debug\PSoC_Master.a(UART_SPI_UART.o)
                0x00001620                UART_SpiUartReadRxData
 .text.UART_SpiUartGetRxBufferSize
                0x00001640       0x20 .\CortexM0\ARM_GCC_484\Debug\PSoC_Master.a(UART_SPI_UART.o)
                0x00001640                UART_SpiUartGetRxBufferSize
 .text.UART_SpiUartWriteTxData
                0x00001660       0x2c .\CortexM0\ARM_GCC_484\Debug\PSoC_Master.a(UART_SPI_UART.o)
                0x00001660                UART_SpiUartWriteTxData
 .text.UART_UartInit
                0x0000168c       0xa8 .\CortexM0\ARM_GCC_484\Debug\PSoC_Master.a(UART_UART.o)
                0x0000168c                UART_UartInit
 .text.UART_UartGetChar
                0x00001734       0x44 .\CortexM0\ARM_GCC_484\Debug\PSoC_Master.a(UART_UART.o)
                0x00001734                UART_UartGetChar
 .text.UART_ISR_StartEx
                0x00001778       0x24 .\CortexM0\ARM_GCC_484\Debug\PSoC_Master.a(UART_ISR.o)
                0x00001778                UART_ISR_StartEx
 .text.UART_ISR_SetVector
                0x0000179c       0x18 .\CortexM0\ARM_GCC_484\Debug\PSoC_Master.a(UART_ISR.o)
                0x0000179c                UART_ISR_SetVector
 .text.UART_ISR_SetPriority
                0x000017b4       0x4c .\CortexM0\ARM_GCC_484\Debug\PSoC_Master.a(UART_ISR.o)
                0x000017b4                UART_ISR_SetPriority
 .text.UART_ISR_Enable
                0x00001800       0x14 .\CortexM0\ARM_GCC_484\Debug\PSoC_Master.a(UART_ISR.o)
                0x00001800                UART_ISR_Enable
 .text.UART_ISR_Disable
                0x00001814       0x14 .\CortexM0\ARM_GCC_484\Debug\PSoC_Master.a(UART_ISR.o)
                0x00001814                UART_ISR_Disable
 .text.I2C_Init
                0x00001828        0xc .\CortexM0\ARM_GCC_484\Debug\PSoC_Master.a(I2C.o)
                0x00001828                I2C_Init
 .text.I2C_Enable
                0x00001834       0x20 .\CortexM0\ARM_GCC_484\Debug\PSoC_Master.a(I2C.o)
                0x00001834                I2C_Enable
 .text.I2C_Start
                0x00001854       0x24 .\CortexM0\ARM_GCC_484\Debug\PSoC_Master.a(I2C.o)
                0x00001854                I2C_Start
 .text.I2C_ScbEnableIntr
                0x00001878       0x10 .\CortexM0\ARM_GCC_484\Debug\PSoC_Master.a(I2C.o)
 .text.I2C_I2CInit
                0x00001888       0xe8 .\CortexM0\ARM_GCC_484\Debug\PSoC_Master.a(I2C_I2C.o)
                0x00001888                I2C_I2CInit
 .text.I2C_I2CMasterWriteBuf
                0x00001970      0x11c .\CortexM0\ARM_GCC_484\Debug\PSoC_Master.a(I2C_I2C_MASTER.o)
                0x00001970                I2C_I2CMasterWriteBuf
 .text.I2C_I2CMasterReadBuf
                0x00001a8c      0x12c .\CortexM0\ARM_GCC_484\Debug\PSoC_Master.a(I2C_I2C_MASTER.o)
                0x00001a8c                I2C_I2CMasterReadBuf
 .text.I2C_I2CMasterSendStart
                0x00001bb8      0x110 .\CortexM0\ARM_GCC_484\Debug\PSoC_Master.a(I2C_I2C_MASTER.o)
                0x00001bb8                I2C_I2CMasterSendStart
 .text.I2C_I2CMasterSendStop
                0x00001cc8       0xbc .\CortexM0\ARM_GCC_484\Debug\PSoC_Master.a(I2C_I2C_MASTER.o)
                0x00001cc8                I2C_I2CMasterSendStop
 .text.I2C_I2CMasterReadByte
                0x00001d84       0xa8 .\CortexM0\ARM_GCC_484\Debug\PSoC_Master.a(I2C_I2C_MASTER.o)
                0x00001d84                I2C_I2CMasterReadByte
 .text.I2C_I2CMasterGetReadBufSize
                0x00001e2c       0x14 .\CortexM0\ARM_GCC_484\Debug\PSoC_Master.a(I2C_I2C_MASTER.o)
                0x00001e2c                I2C_I2CMasterGetReadBufSize
 .text.I2C_I2CMasterClearReadBuf
                0x00001e40       0x34 .\CortexM0\ARM_GCC_484\Debug\PSoC_Master.a(I2C_I2C_MASTER.o)
                0x00001e40                I2C_I2CMasterClearReadBuf
 .text.I2C_I2CMasterStatus
                0x00001e74       0x44 .\CortexM0\ARM_GCC_484\Debug\PSoC_Master.a(I2C_I2C_MASTER.o)
                0x00001e74                I2C_I2CMasterStatus
 .text.I2C_I2CMasterClearStatus
                0x00001eb8       0x30 .\CortexM0\ARM_GCC_484\Debug\PSoC_Master.a(I2C_I2C_MASTER.o)
                0x00001eb8                I2C_I2CMasterClearStatus
 .text.I2C_I2CReStartGeneration
                0x00001ee8       0xb0 .\CortexM0\ARM_GCC_484\Debug\PSoC_Master.a(I2C_I2C_MASTER.o)
                0x00001ee8                I2C_I2CReStartGeneration
 .text.BlueLED_Write
                0x00001f98       0x4c .\CortexM0\ARM_GCC_484\Debug\PSoC_Master.a(BlueLED.o)
                0x00001f98                BlueLED_Write
 .text.Timer_Init
                0x00001fe4       0x54 .\CortexM0\ARM_GCC_484\Debug\PSoC_Master.a(Timer.o)
                0x00001fe4                Timer_Init
 .text.Timer_Enable
                0x00002038       0x20 .\CortexM0\ARM_GCC_484\Debug\PSoC_Master.a(Timer.o)
                0x00002038                Timer_Enable
 .text.Timer_Start
                0x00002058       0x24 .\CortexM0\ARM_GCC_484\Debug\PSoC_Master.a(Timer.o)
                0x00002058                Timer_Start
 .text.Timer_SetInterruptMode
                0x0000207c       0x20 .\CortexM0\ARM_GCC_484\Debug\PSoC_Master.a(Timer.o)
                0x0000207c                Timer_SetInterruptMode
 .text.Timer_ReadStatusRegister
                0x0000209c       0x14 .\CortexM0\ARM_GCC_484\Debug\PSoC_Master.a(Timer.o)
                0x0000209c                Timer_ReadStatusRegister
 .text.Timer_WritePeriod
                0x000020b0       0x18 .\CortexM0\ARM_GCC_484\Debug\PSoC_Master.a(Timer.o)
                0x000020b0                Timer_WritePeriod
 .text.Timer_ReadCapture
                0x000020c8       0x14 .\CortexM0\ARM_GCC_484\Debug\PSoC_Master.a(Timer.o)
                0x000020c8                Timer_ReadCapture
 .text.Timer_WriteCounter
                0x000020dc       0x18 .\CortexM0\ARM_GCC_484\Debug\PSoC_Master.a(Timer.o)
                0x000020dc                Timer_WriteCounter
 .text.Timer_ClearFIFO
                0x000020f4       0x1c .\CortexM0\ARM_GCC_484\Debug\PSoC_Master.a(Timer.o)
                0x000020f4                Timer_ClearFIFO
 .text.I2C_sda_Read
                0x00002110       0x1c .\CortexM0\ARM_GCC_484\Debug\PSoC_Master.a(I2C_sda.o)
                0x00002110                I2C_sda_Read
 .text.I2C_scl_Write
                0x0000212c       0x48 .\CortexM0\ARM_GCC_484\Debug\PSoC_Master.a(I2C_scl.o)
                0x0000212c                I2C_scl_Write
 .text.I2C_scl_Read
                0x00002174       0x1c .\CortexM0\ARM_GCC_484\Debug\PSoC_Master.a(I2C_scl.o)
                0x00002174                I2C_scl_Read
 .text          0x00002190       0x28 .\CortexM0\ARM_GCC_484\Debug\PSoC_Master.a(CyBootAsmGnu.o)
                0x00002190                CyDelayCycles
                0x000021a4                CyEnterCriticalSection
                0x000021ac                CyExitCriticalSection
 .text.CySysClkWriteImoFreq
                0x000021b8      0x1e0 .\CortexM0\ARM_GCC_484\Debug\PSoC_Master.a(CyLib.o)
                0x000021b8                CySysClkWriteImoFreq
 .text.CyIntSetVector
                0x00002398       0x4c .\CortexM0\ARM_GCC_484\Debug\PSoC_Master.a(CyLib.o)
                0x00002398                CyIntSetVector
 .text.CyIntSetPriority
                0x000023e4       0xa8 .\CortexM0\ARM_GCC_484\Debug\PSoC_Master.a(CyLib.o)
                0x000023e4                CyIntSetPriority
 .text.CyIntEnable
                0x0000248c       0x2c .\CortexM0\ARM_GCC_484\Debug\PSoC_Master.a(CyLib.o)
                0x0000248c                CyIntEnable
 .text.CyIntDisable
                0x000024b8       0x2c .\CortexM0\ARM_GCC_484\Debug\PSoC_Master.a(CyLib.o)
                0x000024b8                CyIntDisable
 .text.CyHalt   0x000024e4       0x14 .\CortexM0\ARM_GCC_484\Debug\PSoC_Master.a(CyLib.o)
                0x000024e4                CyHalt
 .text.CyDelay  0x000024f8       0x48 .\CortexM0\ARM_GCC_484\Debug\PSoC_Master.a(CyLib.o)
                0x000024f8                CyDelay
 .text.CyDelayUs
                0x00002540       0x28 .\CortexM0\ARM_GCC_484\Debug\PSoC_Master.a(CyLib.o)
                0x00002540                CyDelayUs
 .text.I2C_I2C_ISR
                0x00002568      0x4ec .\CortexM0\ARM_GCC_484\Debug\PSoC_Master.a(I2C_I2C_INT.o)
                0x00002568                I2C_I2C_ISR
 .text          0x00002a54       0x9c c:/program files (x86)/cypress/psoc creator/3.2/psoc creator/import/gnu/arm/4.8.4/bin/../lib/gcc/arm-none-eabi/4.8.4/armv6-m\libgcc.a(_udivsi3.o)
                0x00002a54                __aeabi_uidiv
                0x00002a54                __udivsi3
                0x00002adc                __aeabi_uidivmod
 .text          0x00002af0       0xc0 c:/program files (x86)/cypress/psoc creator/3.2/psoc creator/import/gnu/arm/4.8.4/bin/../lib/gcc/arm-none-eabi/4.8.4/armv6-m\libgcc.a(_divsi3.o)
                0x00002af0                __divsi3
                0x00002af0                __aeabi_idiv
                0x00002b9c                __aeabi_idivmod
 .text          0x00002bb0        0x4 c:/program files (x86)/cypress/psoc creator/3.2/psoc creator/import/gnu/arm/4.8.4/bin/../lib/gcc/arm-none-eabi/4.8.4/armv6-m\libgcc.a(_dvmd_tls.o)
                0x00002bb0                __aeabi_idiv0
                0x00002bb0                __aeabi_ldiv0
 .text          0x00002bb4       0x48 c:/program files (x86)/cypress/psoc creator/3.2/psoc creator/import/gnu/arm/4.8.4/bin/../lib/gcc/arm-none-eabi/4.8.4/armv6-m\libgcc.a(_aeabi_ldivmod.o)
                0x00002bb4                __aeabi_ldivmod
 .text          0x00002bfc       0x30 c:/program files (x86)/cypress/psoc creator/3.2/psoc creator/import/gnu/arm/4.8.4/bin/../lib/gcc/arm-none-eabi/4.8.4/armv6-m\libgcc.a(_fixunssfsi.o)
                0x00002bfc                __fixunssfsi
                0x00002bfc                __aeabi_f2uiz
 *fill*         0x00002c2c        0x4 
 .text          0x00002c30       0x70 c:/program files (x86)/cypress/psoc creator/3.2/psoc creator/import/gnu/arm/4.8.4/bin/../lib/gcc/arm-none-eabi/4.8.4/armv6-m\libgcc.a(_floatdisf.o)
                0x00002c30                __aeabi_l2f
                0x00002c30                __floatdisf
 .text          0x00002ca0       0x6c c:/program files (x86)/cypress/psoc creator/3.2/psoc creator/import/gnu/arm/4.8.4/bin/../lib/gcc/arm-none-eabi/4.8.4/armv6-m\libgcc.a(bpabi.o)
                0x00002ca0                __gnu_ldivmod_helper
                0x00002cd8                __gnu_uldivmod_helper
 .text          0x00002d0c      0x2ec c:/program files (x86)/cypress/psoc creator/3.2/psoc creator/import/gnu/arm/4.8.4/bin/../lib/gcc/arm-none-eabi/4.8.4/armv6-m\libgcc.a(subsf3.o)
                0x00002d0c                __aeabi_fsub
 .text          0x00002ff8       0x40 c:/program files (x86)/cypress/psoc creator/3.2/psoc creator/import/gnu/arm/4.8.4/bin/../lib/gcc/arm-none-eabi/4.8.4/armv6-m\libgcc.a(fixsfsi.o)
                0x00002ff8                __aeabi_f2iz
 .text          0x00003038      0x644 c:/program files (x86)/cypress/psoc creator/3.2/psoc creator/import/gnu/arm/4.8.4/bin/../lib/gcc/arm-none-eabi/4.8.4/armv6-m\libgcc.a(adddf3.o)
                0x00003038                __aeabi_dadd
 .text          0x0000367c      0x520 c:/program files (x86)/cypress/psoc creator/3.2/psoc creator/import/gnu/arm/4.8.4/bin/../lib/gcc/arm-none-eabi/4.8.4/armv6-m\libgcc.a(muldf3.o)
                0x0000367c                __aeabi_dmul
 .text          0x00003b9c       0x7c c:/program files (x86)/cypress/psoc creator/3.2/psoc creator/import/gnu/arm/4.8.4/bin/../lib/gcc/arm-none-eabi/4.8.4/armv6-m\libgcc.a(floatsidf.o)
                0x00003b9c                __aeabi_i2d
 .text          0x00003c18       0x68 c:/program files (x86)/cypress/psoc creator/3.2/psoc creator/import/gnu/arm/4.8.4/bin/../lib/gcc/arm-none-eabi/4.8.4/armv6-m\libgcc.a(floatunsidf.o)
                0x00003c18                __aeabi_ui2d
 .text          0x00003c80      0x118 c:/program files (x86)/cypress/psoc creator/3.2/psoc creator/import/gnu/arm/4.8.4/bin/../lib/gcc/arm-none-eabi/4.8.4/armv6-m\libgcc.a(truncdfsf2.o)
                0x00003c80                __aeabi_d2f
 .text          0x00003d98       0x74 c:/program files (x86)/cypress/psoc creator/3.2/psoc creator/import/gnu/arm/4.8.4/bin/../lib/gcc/arm-none-eabi/4.8.4/armv6-m\libgcc.a(_arm_cmpsf2.o)
                0x00003d98                __aeabi_cfrcmple
                0x00003da0                __aeabi_cfcmpeq
                0x00003da0                __aeabi_cfcmple
                0x00003db0                __aeabi_fcmpeq
                0x00003dbc                __aeabi_fcmplt
                0x00003dd0                __aeabi_fcmple
                0x00003de4                __aeabi_fcmpgt
                0x00003df8                __aeabi_fcmpge
 .text          0x00003e0c       0x3c c:/program files (x86)/cypress/psoc creator/3.2/psoc creator/import/gnu/arm/4.8.4/bin/../lib/gcc/arm-none-eabi/4.8.4/armv6-m\libgcc.a(_clzsi2.o)
                0x00003e0c                __clzsi2
 .text          0x00003e48       0x44 c:/program files (x86)/cypress/psoc creator/3.2/psoc creator/import/gnu/arm/4.8.4/bin/../lib/gcc/arm-none-eabi/4.8.4/armv6-m\libgcc.a(_muldi3.o)
                0x00003e48                __muldi3
                0x00003e48                __aeabi_lmul
 .text          0x00003e8c      0x3b8 c:/program files (x86)/cypress/psoc creator/3.2/psoc creator/import/gnu/arm/4.8.4/bin/../lib/gcc/arm-none-eabi/4.8.4/armv6-m\libgcc.a(_divdi3.o)
                0x00003e8c                __divdi3
 .text          0x00004244      0x384 c:/program files (x86)/cypress/psoc creator/3.2/psoc creator/import/gnu/arm/4.8.4/bin/../lib/gcc/arm-none-eabi/4.8.4/armv6-m\libgcc.a(_udivdi3.o)
                0x00004244                __udivdi3
 .text          0x000045c8       0x54 c:/program files (x86)/cypress/psoc creator/3.2/psoc creator/import/gnu/arm/4.8.4/bin/../lib/gcc/arm-none-eabi/4.8.4/armv6-m\libgcc.a(eqsf2.o)
                0x000045c8                __eqsf2
                0x000045c8                __nesf2
 .text          0x0000461c       0x90 c:/program files (x86)/cypress/psoc creator/3.2/psoc creator/import/gnu/arm/4.8.4/bin/../lib/gcc/arm-none-eabi/4.8.4/armv6-m\libgcc.a(gesf2.o)
                0x0000461c                __gesf2
                0x0000461c                __gtsf2
 .text          0x000046ac       0x98 c:/program files (x86)/cypress/psoc creator/3.2/psoc creator/import/gnu/arm/4.8.4/bin/../lib/gcc/arm-none-eabi/4.8.4/armv6-m\libgcc.a(lesf2.o)
                0x000046ac                __ltsf2
                0x000046ac                __lesf2
 .text.__libc_init_array
                0x00004744       0x4c c:/program files (x86)/cypress/psoc creator/3.2/psoc creator/import/gnu/arm/4.8.4/bin/../lib/gcc/arm-none-eabi/4.8.4/../../../../arm-none-eabi/lib/armv6-m\libg_s.a(lib_a-init.o)
                0x00004744                __libc_init_array
 .text.memset   0x00004790       0x10 c:/program files (x86)/cypress/psoc creator/3.2/psoc creator/import/gnu/arm/4.8.4/bin/../lib/gcc/arm-none-eabi/4.8.4/../../../../arm-none-eabi/lib/armv6-m\libg_s.a(lib_a-memset.o)
                0x00004790                memset
 *(.plt)
 *(.gnu.warning)
 *(.glue_7t)
 .glue_7t       0x00000000        0x0 linker stubs
 *(.glue_7)
 .glue_7        0x00000000        0x0 linker stubs
 *(.vfp11_veneer)
 .vfp11_veneer  0x00000000        0x0 linker stubs
 *(.bootloader)
 *(.ARM.extab* .gnu.linkonce.armextab.*)
 *(.gcc_except_table)

.v4_bx          0x000047a0        0x0
 .v4_bx         0x00000000        0x0 linker stubs

.iplt           0x000047a0        0x0
 .iplt          0x00000000        0x0 c:/program files (x86)/cypress/psoc creator/3.2/psoc creator/import/gnu/arm/4.8.4/bin/../lib/gcc/arm-none-eabi/4.8.4/armv6-m/crtbegin.o

.eh_frame_hdr
 *(.eh_frame_hdr)

.eh_frame       0x000047a0        0x4
 *(.eh_frame)
 .eh_frame      0x000047a0        0x0 c:/program files (x86)/cypress/psoc creator/3.2/psoc creator/import/gnu/arm/4.8.4/bin/../lib/gcc/arm-none-eabi/4.8.4/armv6-m/crtbegin.o
 .eh_frame      0x000047a0        0x4 c:/program files (x86)/cypress/psoc creator/3.2/psoc creator/import/gnu/arm/4.8.4/bin/../lib/gcc/arm-none-eabi/4.8.4/armv6-m/crtend.o
                0x000047a4                PROVIDE (__exidx_start, .)

.ARM.exidx      0x000047a4        0x8
 *(.ARM.exidx* .gnu.linkonce.armexidx.*)
 .ARM.exidx     0x000047a4        0x8 c:/program files (x86)/cypress/psoc creator/3.2/psoc creator/import/gnu/arm/4.8.4/bin/../lib/gcc/arm-none-eabi/4.8.4/armv6-m\libgcc.a(_divdi3.o)
 .ARM.exidx     0x000047ac        0x0 c:/program files (x86)/cypress/psoc creator/3.2/psoc creator/import/gnu/arm/4.8.4/bin/../lib/gcc/arm-none-eabi/4.8.4/armv6-m\libgcc.a(_udivdi3.o)
                                  0x8 (size before relaxing)
                0x000047ac                __exidx_end = .

.rodata         0x000047ac      0x224
 *(.rodata .rodata.* .gnu.linkonce.r.*)
 .rodata        0x000047ac        0x8 .\CortexM0\ARM_GCC_484\Debug\I2C_Class.o
 .rodata        0x000047b4       0x48 .\CortexM0\ARM_GCC_484\Debug\PSoC_Master_Class.o
 .rodata        0x000047fc      0x12c .\CortexM0\ARM_GCC_484\Debug\PSoC_Master.a(cyfitter_cfg.o)
 .rodata        0x00004928       0x30 .\CortexM0\ARM_GCC_484\Debug\PSoC_Master.a(CyLib.o)
                0x00004928                cyImoFreqMhz2Reg
 .rodata        0x00004958       0x40 c:/program files (x86)/cypress/psoc creator/3.2/psoc creator/import/gnu/arm/4.8.4/bin/../lib/gcc/arm-none-eabi/4.8.4/armv6-m\libgcc.a(muldf3.o)
                0x00004998                . = ALIGN (0x4)
 *(.init)
 .init          0x00004998        0x4 c:/program files (x86)/cypress/psoc creator/3.2/psoc creator/import/gnu/arm/4.8.4/bin/../lib/gcc/arm-none-eabi/4.8.4/armv6-m/crti.o
                0x00004998                _init
 .init          0x0000499c        0x8 c:/program files (x86)/cypress/psoc creator/3.2/psoc creator/import/gnu/arm/4.8.4/bin/../lib/gcc/arm-none-eabi/4.8.4/armv6-m/crtn.o
                0x000049a4                . = ALIGN (0x4)
                0x000049a4                __preinit_array_start = .
 *(.preinit_array)
                0x000049a4                __preinit_array_end = .
                0x000049a4                . = ALIGN (0x4)
                0x000049a4                __init_array_start = .
 *(SORT(.init_array.*))
 *(.init_array)
 .init_array    0x000049a4        0x4 c:/program files (x86)/cypress/psoc creator/3.2/psoc creator/import/gnu/arm/4.8.4/bin/../lib/gcc/arm-none-eabi/4.8.4/armv6-m/crtbegin.o
 .init_array    0x000049a8        0x4 .\CortexM0\ARM_GCC_484\Debug\Cm0Start.o
                0x000049ac                __init_array_end = .
                0x000049ac                . = ALIGN (0x4)
 *(.fini)
 .fini          0x000049ac        0x4 c:/program files (x86)/cypress/psoc creator/3.2/psoc creator/import/gnu/arm/4.8.4/bin/../lib/gcc/arm-none-eabi/4.8.4/armv6-m/crti.o
                0x000049ac                _fini
 .fini          0x000049b0        0x8 c:/program files (x86)/cypress/psoc creator/3.2/psoc creator/import/gnu/arm/4.8.4/bin/../lib/gcc/arm-none-eabi/4.8.4/armv6-m/crtn.o
                0x000049b8                . = ALIGN (0x4)
                0x000049b8                __fini_array_start = .
 *(.fini_array)
 .fini_array    0x000049b8        0x4 c:/program files (x86)/cypress/psoc creator/3.2/psoc creator/import/gnu/arm/4.8.4/bin/../lib/gcc/arm-none-eabi/4.8.4/armv6-m/crtbegin.o
 *(SORT(.fini_array.*))
                0x000049bc                __fini_array_end = .
                0x000049bc                . = ALIGN (0x4)
 *crtbegin.o(.ctors)
 *(EXCLUDE_FILE(*crtend.o) .ctors)
 *(SORT(.ctors.*))
 *crtend.o(.ctors)
                0x000049bc                . = ALIGN (0x4)
 *crtbegin.o(.dtors)
 *(EXCLUDE_FILE(*crtend.o) .dtors)
 *(SORT(.dtors.*))
 *crtend.o(.dtors)
                0x000049bc                . = ALIGN (0x4)
                0x000049bc                __cy_regions = .
                0x000049bc        0x4 LONG 0x49d0 __cy_region_init_ram
                0x000049c0        0x4 LONG 0x200000c8 __cy_region_start_data
                0x000049c4        0x4 LONG 0x18 __cy_region_init_size_ram
                0x000049c8        0x4 LONG 0xc0 __cy_region_zero_size_ram
                0x000049cc                __cy_regions_end = .
                0x000049d0                . = ALIGN (0x8)
 *fill*         0x000049cc        0x4 
                0x000049d0                _etext = .

.ramvectors     0x20000000       0xc0
                0x20000000                __cy_region_start_ram = .
 *(.ramvectors)
 .ramvectors    0x20000000       0xc0 .\CortexM0\ARM_GCC_484\Debug\Cm0Start.o
                0x20000000                CyRamVectors

.noinit         0x200000c0        0x4
 *(.noinit)
 .noinit        0x200000c0        0x4 .\CortexM0\ARM_GCC_484\Debug\Cm0Start.o

.data           0x200000c8       0x18 load address 0x000049d0
                0x200000c8                __cy_region_start_data = .
 *(.jcr)
 .jcr           0x200000c8        0x0 c:/program files (x86)/cypress/psoc creator/3.2/psoc creator/import/gnu/arm/4.8.4/bin/../lib/gcc/arm-none-eabi/4.8.4/armv6-m/crtbegin.o
 .jcr           0x200000c8        0x4 c:/program files (x86)/cypress/psoc creator/3.2/psoc creator/import/gnu/arm/4.8.4/bin/../lib/gcc/arm-none-eabi/4.8.4/armv6-m/crtend.o
 *(.got.plt)
 *(.got)
 *(.shdata)
 *(.data .data.* .gnu.linkonce.d.*)
 .data          0x200000cc        0x4 .\CortexM0\ARM_GCC_484\Debug\I2C_Class.o
 .data          0x200000d0       0x10 .\CortexM0\ARM_GCC_484\Debug\PSoC_Master.a(CyLib.o)
                0x200000d0                cydelayFreqHz
                0x200000d4                cydelayFreqKhz
                0x200000d8                cydelayFreqMhz
                0x200000dc                cydelay32kMs
                0x200000e0                . = ALIGN (0x8)
 *(.ram)
                0x200000e0                _edata = .

.igot.plt       0x200000e0        0x0 load address 0x000049e8
 .igot.plt      0x00000000        0x0 c:/program files (x86)/cypress/psoc creator/3.2/psoc creator/import/gnu/arm/4.8.4/bin/../lib/gcc/arm-none-eabi/4.8.4/armv6-m/crtbegin.o

.bss            0x200000e0       0xc0 load address 0x000049e8
                0x200000e0                PROVIDE (__bss_start__, .)
 *(.shbss)
 *(.bss .bss.* .gnu.linkonce.b.*)
 .bss           0x200000e0       0x1c c:/program files (x86)/cypress/psoc creator/3.2/psoc creator/import/gnu/arm/4.8.4/bin/../lib/gcc/arm-none-eabi/4.8.4/armv6-m/crtbegin.o
 .bss           0x200000fc        0x1 .\CortexM0\ARM_GCC_484\Debug\I2C_Class.o
                0x200000fc                irrigationStatus
 .bss           0x200000fd        0x4 .\CortexM0\ARM_GCC_484\Debug\PSoC_Master_Class.o
                0x200000fd                theState
                0x200000fe                irrigationIndex
                0x200000ff                uartInt
                0x20000100                timerInt
 *fill*         0x20000101        0x3 
 .bss           0x20000104        0x8 .\CortexM0\ARM_GCC_484\Debug\PSoC_Master.a(UART.o)
                0x20000104                UART_initVar
                0x20000108                UART_customIntrHandler
 .bss           0x2000010c        0x8 .\CortexM0\ARM_GCC_484\Debug\PSoC_Master.a(I2C.o)
                0x2000010c                I2C_initVar
                0x20000110                I2C_customIntrHandler
 .bss           0x20000114        0x1 .\CortexM0\ARM_GCC_484\Debug\PSoC_Master.a(Timer.o)
                0x20000114                Timer_initVar
 *(COMMON)
 *fill*         0x20000115        0x3 
 COMMON         0x20000118       0x48 .\CortexM0\ARM_GCC_484\Debug\DSP_Class.o
                0x20000118                tempArrayPtr
                0x2000011c                temp
                0x20000120                soilHum
                0x20000128                soilHumArray
                0x20000140                soilHumPtr
                0x20000158                tempArray
 COMMON         0x20000160       0x14 .\CortexM0\ARM_GCC_484\Debug\PSoC_Master_Class.o
                0x20000160                tempSoilHum
                0x2000016c                buff
                0x20000170                tempTemp
 COMMON         0x20000174        0x1 .\CortexM0\ARM_GCC_484\Debug\PSoC_Master.a(I2C_I2C.o)
                0x20000174                I2C_state
 *fill*         0x20000175        0x3 
 COMMON         0x20000178       0x24 .\CortexM0\ARM_GCC_484\Debug\PSoC_Master.a(I2C_I2C_MASTER.o)
                0x20000178                I2C_mstrWrBufIndexTmp
                0x2000017c                I2C_mstrWrBufIndex
                0x20000180                I2C_mstrWrBufSize
                0x20000184                I2C_mstrStatus
                0x20000188                I2C_mstrRdBufPtr
                0x2000018c                I2C_mstrControl
                0x20000190                I2C_mstrRdBufSize
                0x20000194                I2C_mstrRdBufIndex
                0x20000198                I2C_mstrWrBufPtr
                0x200001a0                . = ALIGN (0x8)
 *fill*         0x2000019c        0x4 
 *(.ram.b)
                0x200001a0                _end = .
                0x200001a0                __end = .
                0x200001a0                PROVIDE (end, .)
                0x200001a0                PROVIDE (__bss_end__, .)
                0x000049d0                __cy_region_init_ram = LOADADDR (.data)
                0x00000018                __cy_region_init_size_ram = (_edata - ADDR (.data))
                0x000000c0                __cy_region_zero_size_ram = (_end - _edata)

.heap           0x200001a0       0x80 load address 0x000049e8
                0x200001a0                . = _end
                0x20000220                . = (. + 0x80)
 *fill*         0x200001a0       0x80 
                0x20000220                __cy_heap_limit = .

.stack          0x20000c00      0x400
                0x20000c00                __cy_stack_limit = .
                0x20001000                . = (. + 0x400)
 *fill*         0x20000c00      0x400 
                0x00000001                ASSERT ((__cy_stack_limit >= __cy_heap_limit), region RAM overflowed with stack)

.cyloadermeta
 *(.cyloadermeta)

.cyloadablemeta
 *(.cyloadablemeta)

.cyflashprotect
                0x90400000       0x20
 *(.cyflashprotect)
 .cyflashprotect
                0x90400000       0x20 .\CortexM0\ARM_GCC_484\Debug\cymetadata.o
                0x90400000                cy_meta_flashprotect

.cymeta         0x90500000        0xc
 *(.cymeta)
 .cymeta        0x90500000        0xc .\CortexM0\ARM_GCC_484\Debug\cymetadata.o
                0x90500000                cy_metadata

.cychipprotect  0x90600000        0x4
 *(.cychipprotect)
 .cychipprotect
                0x90600000        0x4 .\CortexM0\ARM_GCC_484\Debug\cymetadata.o
                0x90600000                cy_meta_chipprotect

.rel.dyn        0x000049e8        0x0 load address 0x90600004
 .rel.iplt      0x00000000        0x0 c:/program files (x86)/cypress/psoc creator/3.2/psoc creator/import/gnu/arm/4.8.4/bin/../lib/gcc/arm-none-eabi/4.8.4/armv6-m/crtbegin.o

.stab
 *(.stab)

.stabstr
 *(.stabstr)

.debug
 *(.debug)

.line
 *(.line)

.debug_srcinfo
 *(.debug_srcinfo)

.debug_sfnames
 *(.debug_sfnames)

.debug_aranges  0x00000000      0x940
 *(.debug_aranges)
 .debug_aranges
                0x00000000       0x20 .\CortexM0\ARM_GCC_484\Debug\main.o
 .debug_aranges
                0x00000020       0x50 .\CortexM0\ARM_GCC_484\Debug\DSP_Class.o
 .debug_aranges
                0x00000070       0x58 .\CortexM0\ARM_GCC_484\Debug\I2C_Class.o
 .debug_aranges
                0x000000c8       0x40 .\CortexM0\ARM_GCC_484\Debug\PSoC_Master_Class.o
 .debug_aranges
                0x00000108       0x58 .\CortexM0\ARM_GCC_484\Debug\UART_Class.o
 .debug_aranges
                0x00000160       0x18 .\CortexM0\ARM_GCC_484\Debug\cymetadata.o
 .debug_aranges
                0x00000178       0x48 .\CortexM0\ARM_GCC_484\Debug\Cm0Start.o
 .debug_aranges
                0x000001c0       0x50 .\CortexM0\ARM_GCC_484\Debug\PSoC_Master.a(cyfitter_cfg.o)
 .debug_aranges
                0x00000210       0x80 .\CortexM0\ARM_GCC_484\Debug\PSoC_Master.a(timer_ISR.o)
 .debug_aranges
                0x00000290       0x40 .\CortexM0\ARM_GCC_484\Debug\PSoC_Master.a(RedLED.o)
 .debug_aranges
                0x000002d0       0x68 .\CortexM0\ARM_GCC_484\Debug\PSoC_Master.a(UART.o)
 .debug_aranges
                0x00000338       0x60 .\CortexM0\ARM_GCC_484\Debug\PSoC_Master.a(UART_SPI_UART.o)
 .debug_aranges
                0x00000398       0x50 .\CortexM0\ARM_GCC_484\Debug\PSoC_Master.a(UART_UART.o)
 .debug_aranges
                0x000003e8       0x80 .\CortexM0\ARM_GCC_484\Debug\PSoC_Master.a(UART_ISR.o)
 .debug_aranges
                0x00000468       0x68 .\CortexM0\ARM_GCC_484\Debug\PSoC_Master.a(I2C.o)
 .debug_aranges
                0x000004d0       0x28 .\CortexM0\ARM_GCC_484\Debug\PSoC_Master.a(I2C_I2C.o)
 .debug_aranges
                0x000004f8       0x88 .\CortexM0\ARM_GCC_484\Debug\PSoC_Master.a(I2C_I2C_MASTER.o)
 .debug_aranges
                0x00000580       0x40 .\CortexM0\ARM_GCC_484\Debug\PSoC_Master.a(BlueLED.o)
 .debug_aranges
                0x000005c0       0x90 .\CortexM0\ARM_GCC_484\Debug\PSoC_Master.a(Timer.o)
 .debug_aranges
                0x00000650       0x40 .\CortexM0\ARM_GCC_484\Debug\PSoC_Master.a(I2C_sda.o)
 .debug_aranges
                0x00000690       0x40 .\CortexM0\ARM_GCC_484\Debug\PSoC_Master.a(I2C_scl.o)
 .debug_aranges
                0x000006d0       0x20 .\CortexM0\ARM_GCC_484\Debug\PSoC_Master.a(CyBootAsmGnu.o)
 .debug_aranges
                0x000006f0      0x230 .\CortexM0\ARM_GCC_484\Debug\PSoC_Master.a(CyLib.o)
 .debug_aranges
                0x00000920       0x20 .\CortexM0\ARM_GCC_484\Debug\PSoC_Master.a(I2C_I2C_INT.o)

.debug_pubnames
 *(.debug_pubnames)

.debug_info     0x00000000     0x3b4f
 *(.debug_info .gnu.linkonce.wi.*)
 .debug_info    0x00000000       0x9d .\CortexM0\ARM_GCC_484\Debug\main.o
 .debug_info    0x0000009d      0x33f .\CortexM0\ARM_GCC_484\Debug\DSP_Class.o
 .debug_info    0x000003dc      0x42d .\CortexM0\ARM_GCC_484\Debug\I2C_Class.o
 .debug_info    0x00000809      0x247 .\CortexM0\ARM_GCC_484\Debug\PSoC_Master_Class.o
 .debug_info    0x00000a50      0x1db .\CortexM0\ARM_GCC_484\Debug\UART_Class.o
 .debug_info    0x00000c2b       0xfd .\CortexM0\ARM_GCC_484\Debug\cymetadata.o
 .debug_info    0x00000d28      0x2ff .\CortexM0\ARM_GCC_484\Debug\Cm0Start.o
 .debug_info    0x00001027      0x353 .\CortexM0\ARM_GCC_484\Debug\PSoC_Master.a(cyfitter_cfg.o)
 .debug_info    0x0000137a      0x244 .\CortexM0\ARM_GCC_484\Debug\PSoC_Master.a(timer_ISR.o)
 .debug_info    0x000015be      0x14c .\CortexM0\ARM_GCC_484\Debug\PSoC_Master.a(RedLED.o)
 .debug_info    0x0000170a      0x1eb .\CortexM0\ARM_GCC_484\Debug\PSoC_Master.a(UART.o)
 .debug_info    0x000018f5      0x20d .\CortexM0\ARM_GCC_484\Debug\PSoC_Master.a(UART_SPI_UART.o)
 .debug_info    0x00001b02      0x1fe .\CortexM0\ARM_GCC_484\Debug\PSoC_Master.a(UART_UART.o)
 .debug_info    0x00001d00      0x244 .\CortexM0\ARM_GCC_484\Debug\PSoC_Master.a(UART_ISR.o)
 .debug_info    0x00001f44      0x1eb .\CortexM0\ARM_GCC_484\Debug\PSoC_Master.a(I2C.o)
 .debug_info    0x0000212f      0x119 .\CortexM0\ARM_GCC_484\Debug\PSoC_Master.a(I2C_I2C.o)
 .debug_info    0x00002248      0x466 .\CortexM0\ARM_GCC_484\Debug\PSoC_Master.a(I2C_I2C_MASTER.o)
 .debug_info    0x000026ae      0x14c .\CortexM0\ARM_GCC_484\Debug\PSoC_Master.a(BlueLED.o)
 .debug_info    0x000027fa      0x252 .\CortexM0\ARM_GCC_484\Debug\PSoC_Master.a(Timer.o)
 .debug_info    0x00002a4c      0x14c .\CortexM0\ARM_GCC_484\Debug\PSoC_Master.a(I2C_sda.o)
 .debug_info    0x00002b98      0x14c .\CortexM0\ARM_GCC_484\Debug\PSoC_Master.a(I2C_scl.o)
 .debug_info    0x00002ce4       0x88 .\CortexM0\ARM_GCC_484\Debug\PSoC_Master.a(CyBootAsmGnu.o)
 .debug_info    0x00002d6c      0xc5b .\CortexM0\ARM_GCC_484\Debug\PSoC_Master.a(CyLib.o)
 .debug_info    0x000039c7      0x188 .\CortexM0\ARM_GCC_484\Debug\PSoC_Master.a(I2C_I2C_INT.o)

.debug_abbrev   0x00000000     0x1762
 *(.debug_abbrev)
 .debug_abbrev  0x00000000       0x42 .\CortexM0\ARM_GCC_484\Debug\main.o
 .debug_abbrev  0x00000042      0x10e .\CortexM0\ARM_GCC_484\Debug\DSP_Class.o
 .debug_abbrev  0x00000150       0xcd .\CortexM0\ARM_GCC_484\Debug\I2C_Class.o
 .debug_abbrev  0x0000021d       0xdd .\CortexM0\ARM_GCC_484\Debug\PSoC_Master_Class.o
 .debug_abbrev  0x000002fa       0x94 .\CortexM0\ARM_GCC_484\Debug\UART_Class.o
 .debug_abbrev  0x0000038e       0x5d .\CortexM0\ARM_GCC_484\Debug\cymetadata.o
 .debug_abbrev  0x000003eb      0x1b4 .\CortexM0\ARM_GCC_484\Debug\Cm0Start.o
 .debug_abbrev  0x0000059f      0x18a .\CortexM0\ARM_GCC_484\Debug\PSoC_Master.a(cyfitter_cfg.o)
 .debug_abbrev  0x00000729      0x177 .\CortexM0\ARM_GCC_484\Debug\PSoC_Master.a(timer_ISR.o)
 .debug_abbrev  0x000008a0       0xb7 .\CortexM0\ARM_GCC_484\Debug\PSoC_Master.a(RedLED.o)
 .debug_abbrev  0x00000957      0x122 .\CortexM0\ARM_GCC_484\Debug\PSoC_Master.a(UART.o)
 .debug_abbrev  0x00000a79      0x15c .\CortexM0\ARM_GCC_484\Debug\PSoC_Master.a(UART_SPI_UART.o)
 .debug_abbrev  0x00000bd5       0xf9 .\CortexM0\ARM_GCC_484\Debug\PSoC_Master.a(UART_UART.o)
 .debug_abbrev  0x00000cce      0x177 .\CortexM0\ARM_GCC_484\Debug\PSoC_Master.a(UART_ISR.o)
 .debug_abbrev  0x00000e45      0x122 .\CortexM0\ARM_GCC_484\Debug\PSoC_Master.a(I2C.o)
 .debug_abbrev  0x00000f67       0x9d .\CortexM0\ARM_GCC_484\Debug\PSoC_Master.a(I2C_I2C.o)
 .debug_abbrev  0x00001004      0x161 .\CortexM0\ARM_GCC_484\Debug\PSoC_Master.a(I2C_I2C_MASTER.o)
 .debug_abbrev  0x00001165       0xb7 .\CortexM0\ARM_GCC_484\Debug\PSoC_Master.a(BlueLED.o)
 .debug_abbrev  0x0000121c      0x128 .\CortexM0\ARM_GCC_484\Debug\PSoC_Master.a(Timer.o)
 .debug_abbrev  0x00001344       0xb7 .\CortexM0\ARM_GCC_484\Debug\PSoC_Master.a(I2C_sda.o)
 .debug_abbrev  0x000013fb       0xb7 .\CortexM0\ARM_GCC_484\Debug\PSoC_Master.a(I2C_scl.o)
 .debug_abbrev  0x000014b2       0x14 .\CortexM0\ARM_GCC_484\Debug\PSoC_Master.a(CyBootAsmGnu.o)
 .debug_abbrev  0x000014c6      0x207 .\CortexM0\ARM_GCC_484\Debug\PSoC_Master.a(CyLib.o)
 .debug_abbrev  0x000016cd       0x95 .\CortexM0\ARM_GCC_484\Debug\PSoC_Master.a(I2C_I2C_INT.o)

.debug_line     0x00000000     0x213c
 *(.debug_line)
 .debug_line    0x00000000       0x4c .\CortexM0\ARM_GCC_484\Debug\main.o
 .debug_line    0x0000004c      0x142 .\CortexM0\ARM_GCC_484\Debug\DSP_Class.o
 .debug_line    0x0000018e      0x1a5 .\CortexM0\ARM_GCC_484\Debug\I2C_Class.o
 .debug_line    0x00000333      0x119 .\CortexM0\ARM_GCC_484\Debug\PSoC_Master_Class.o
 .debug_line    0x0000044c      0x107 .\CortexM0\ARM_GCC_484\Debug\UART_Class.o
 .debug_line    0x00000553       0x53 .\CortexM0\ARM_GCC_484\Debug\cymetadata.o
 .debug_line    0x000005a6      0x1b8 .\CortexM0\ARM_GCC_484\Debug\Cm0Start.o
 .debug_line    0x0000075e      0x198 .\CortexM0\ARM_GCC_484\Debug\PSoC_Master.a(cyfitter_cfg.o)
 .debug_line    0x000008f6      0x15f .\CortexM0\ARM_GCC_484\Debug\PSoC_Master.a(timer_ISR.o)
 .debug_line    0x00000a55       0xac .\CortexM0\ARM_GCC_484\Debug\PSoC_Master.a(RedLED.o)
 .debug_line    0x00000b01      0x136 .\CortexM0\ARM_GCC_484\Debug\PSoC_Master.a(UART.o)
 .debug_line    0x00000c37      0x13c .\CortexM0\ARM_GCC_484\Debug\PSoC_Master.a(UART_SPI_UART.o)
 .debug_line    0x00000d73      0x118 .\CortexM0\ARM_GCC_484\Debug\PSoC_Master.a(UART_UART.o)
 .debug_line    0x00000e8b      0x16e .\CortexM0\ARM_GCC_484\Debug\PSoC_Master.a(UART_ISR.o)
 .debug_line    0x00000ff9      0x13d .\CortexM0\ARM_GCC_484\Debug\PSoC_Master.a(I2C.o)
 .debug_line    0x00001136       0xb4 .\CortexM0\ARM_GCC_484\Debug\PSoC_Master.a(I2C_I2C.o)
 .debug_line    0x000011ea      0x2bb .\CortexM0\ARM_GCC_484\Debug\PSoC_Master.a(I2C_I2C_MASTER.o)
 .debug_line    0x000014a5       0xad .\CortexM0\ARM_GCC_484\Debug\PSoC_Master.a(BlueLED.o)
 .debug_line    0x00001552      0x174 .\CortexM0\ARM_GCC_484\Debug\PSoC_Master.a(Timer.o)
 .debug_line    0x000016c6       0xad .\CortexM0\ARM_GCC_484\Debug\PSoC_Master.a(I2C_sda.o)
 .debug_line    0x00001773       0xad .\CortexM0\ARM_GCC_484\Debug\PSoC_Master.a(I2C_scl.o)
 .debug_line    0x00001820       0x69 .\CortexM0\ARM_GCC_484\Debug\PSoC_Master.a(CyBootAsmGnu.o)
 .debug_line    0x00001889      0x703 .\CortexM0\ARM_GCC_484\Debug\PSoC_Master.a(CyLib.o)
 .debug_line    0x00001f8c      0x1b0 .\CortexM0\ARM_GCC_484\Debug\PSoC_Master.a(I2C_I2C_INT.o)

.debug_frame    0x00000000     0x204c
 *(.debug_frame)
 .debug_frame   0x00000000       0x2c .\CortexM0\ARM_GCC_484\Debug\main.o
 .debug_frame   0x0000002c       0xfc .\CortexM0\ARM_GCC_484\Debug\DSP_Class.o
 .debug_frame   0x00000128      0x124 .\CortexM0\ARM_GCC_484\Debug\I2C_Class.o
 .debug_frame   0x0000024c       0xa8 .\CortexM0\ARM_GCC_484\Debug\PSoC_Master_Class.o
 .debug_frame   0x000002f4      0x108 .\CortexM0\ARM_GCC_484\Debug\UART_Class.o
 .debug_frame   0x000003fc       0xc8 .\CortexM0\ARM_GCC_484\Debug\Cm0Start.o
 .debug_frame   0x000004c4       0xe8 .\CortexM0\ARM_GCC_484\Debug\PSoC_Master.a(cyfitter_cfg.o)
 .debug_frame   0x000005ac      0x190 .\CortexM0\ARM_GCC_484\Debug\PSoC_Master.a(timer_ISR.o)
 .debug_frame   0x0000073c       0xa8 .\CortexM0\ARM_GCC_484\Debug\PSoC_Master.a(RedLED.o)
 .debug_frame   0x000007e4      0x134 .\CortexM0\ARM_GCC_484\Debug\PSoC_Master.a(UART.o)
 .debug_frame   0x00000918      0x128 .\CortexM0\ARM_GCC_484\Debug\PSoC_Master.a(UART_SPI_UART.o)
 .debug_frame   0x00000a40       0xec .\CortexM0\ARM_GCC_484\Debug\PSoC_Master.a(UART_UART.o)
 .debug_frame   0x00000b2c      0x190 .\CortexM0\ARM_GCC_484\Debug\PSoC_Master.a(UART_ISR.o)
 .debug_frame   0x00000cbc      0x134 .\CortexM0\ARM_GCC_484\Debug\PSoC_Master.a(I2C.o)
 .debug_frame   0x00000df0       0x48 .\CortexM0\ARM_GCC_484\Debug\PSoC_Master.a(I2C_I2C.o)
 .debug_frame   0x00000e38      0x1c0 .\CortexM0\ARM_GCC_484\Debug\PSoC_Master.a(I2C_I2C_MASTER.o)
 .debug_frame   0x00000ff8       0xa8 .\CortexM0\ARM_GCC_484\Debug\PSoC_Master.a(BlueLED.o)
 .debug_frame   0x000010a0      0x1cc .\CortexM0\ARM_GCC_484\Debug\PSoC_Master.a(Timer.o)
 .debug_frame   0x0000126c       0xa8 .\CortexM0\ARM_GCC_484\Debug\PSoC_Master.a(I2C_sda.o)
 .debug_frame   0x00001314       0xa8 .\CortexM0\ARM_GCC_484\Debug\PSoC_Master.a(I2C_scl.o)
 .debug_frame   0x000013bc      0x83c .\CortexM0\ARM_GCC_484\Debug\PSoC_Master.a(CyLib.o)
 .debug_frame   0x00001bf8       0x30 .\CortexM0\ARM_GCC_484\Debug\PSoC_Master.a(I2C_I2C_INT.o)
 .debug_frame   0x00001c28       0x20 c:/program files (x86)/cypress/psoc creator/3.2/psoc creator/import/gnu/arm/4.8.4/bin/../lib/gcc/arm-none-eabi/4.8.4/armv6-m\libgcc.a(_udivsi3.o)
 .debug_frame   0x00001c48       0x20 c:/program files (x86)/cypress/psoc creator/3.2/psoc creator/import/gnu/arm/4.8.4/bin/../lib/gcc/arm-none-eabi/4.8.4/armv6-m\libgcc.a(_divsi3.o)
 .debug_frame   0x00001c68       0x28 c:/program files (x86)/cypress/psoc creator/3.2/psoc creator/import/gnu/arm/4.8.4/bin/../lib/gcc/arm-none-eabi/4.8.4/armv6-m\libgcc.a(_fixunssfsi.o)
 .debug_frame   0x00001c90       0x2c c:/program files (x86)/cypress/psoc creator/3.2/psoc creator/import/gnu/arm/4.8.4/bin/../lib/gcc/arm-none-eabi/4.8.4/armv6-m\libgcc.a(_floatdisf.o)
 .debug_frame   0x00001cbc       0x50 c:/program files (x86)/cypress/psoc creator/3.2/psoc creator/import/gnu/arm/4.8.4/bin/../lib/gcc/arm-none-eabi/4.8.4/armv6-m\libgcc.a(bpabi.o)
 .debug_frame   0x00001d0c       0x30 c:/program files (x86)/cypress/psoc creator/3.2/psoc creator/import/gnu/arm/4.8.4/bin/../lib/gcc/arm-none-eabi/4.8.4/armv6-m\libgcc.a(subsf3.o)
 .debug_frame   0x00001d3c       0x20 c:/program files (x86)/cypress/psoc creator/3.2/psoc creator/import/gnu/arm/4.8.4/bin/../lib/gcc/arm-none-eabi/4.8.4/armv6-m\libgcc.a(fixsfsi.o)
 .debug_frame   0x00001d5c       0x3c c:/program files (x86)/cypress/psoc creator/3.2/psoc creator/import/gnu/arm/4.8.4/bin/../lib/gcc/arm-none-eabi/4.8.4/armv6-m\libgcc.a(adddf3.o)
 .debug_frame   0x00001d98       0x3c c:/program files (x86)/cypress/psoc creator/3.2/psoc creator/import/gnu/arm/4.8.4/bin/../lib/gcc/arm-none-eabi/4.8.4/armv6-m\libgcc.a(muldf3.o)
 .debug_frame   0x00001dd4       0x30 c:/program files (x86)/cypress/psoc creator/3.2/psoc creator/import/gnu/arm/4.8.4/bin/../lib/gcc/arm-none-eabi/4.8.4/armv6-m\libgcc.a(floatsidf.o)
 .debug_frame   0x00001e04       0x28 c:/program files (x86)/cypress/psoc creator/3.2/psoc creator/import/gnu/arm/4.8.4/bin/../lib/gcc/arm-none-eabi/4.8.4/armv6-m\libgcc.a(floatunsidf.o)
 .debug_frame   0x00001e2c       0x30 c:/program files (x86)/cypress/psoc creator/3.2/psoc creator/import/gnu/arm/4.8.4/bin/../lib/gcc/arm-none-eabi/4.8.4/armv6-m\libgcc.a(truncdfsf2.o)
 .debug_frame   0x00001e5c       0x30 c:/program files (x86)/cypress/psoc creator/3.2/psoc creator/import/gnu/arm/4.8.4/bin/../lib/gcc/arm-none-eabi/4.8.4/armv6-m\libgcc.a(_muldi3.o)
 .debug_frame   0x00001e8c       0x3c c:/program files (x86)/cypress/psoc creator/3.2/psoc creator/import/gnu/arm/4.8.4/bin/../lib/gcc/arm-none-eabi/4.8.4/armv6-m\libgcc.a(_divdi3.o)
 .debug_frame   0x00001ec8       0x3c c:/program files (x86)/cypress/psoc creator/3.2/psoc creator/import/gnu/arm/4.8.4/bin/../lib/gcc/arm-none-eabi/4.8.4/armv6-m\libgcc.a(_udivdi3.o)
 .debug_frame   0x00001f04       0x2c c:/program files (x86)/cypress/psoc creator/3.2/psoc creator/import/gnu/arm/4.8.4/bin/../lib/gcc/arm-none-eabi/4.8.4/armv6-m\libgcc.a(eqsf2.o)
 .debug_frame   0x00001f30       0x30 c:/program files (x86)/cypress/psoc creator/3.2/psoc creator/import/gnu/arm/4.8.4/bin/../lib/gcc/arm-none-eabi/4.8.4/armv6-m\libgcc.a(gesf2.o)
 .debug_frame   0x00001f60       0x30 c:/program files (x86)/cypress/psoc creator/3.2/psoc creator/import/gnu/arm/4.8.4/bin/../lib/gcc/arm-none-eabi/4.8.4/armv6-m\libgcc.a(lesf2.o)
 .debug_frame   0x00001f90       0x20 c:/program files (x86)/cypress/psoc creator/3.2/psoc creator/import/gnu/arm/4.8.4/bin/../lib/gcc/arm-none-eabi/4.8.4/../../../../arm-none-eabi/lib/armv6-m\libg_s.a(lib_a-errno.o)
 .debug_frame   0x00001fb0       0x28 c:/program files (x86)/cypress/psoc creator/3.2/psoc creator/import/gnu/arm/4.8.4/bin/../lib/gcc/arm-none-eabi/4.8.4/../../../../arm-none-eabi/lib/armv6-m\libg_s.a(lib_a-exit.o)
 .debug_frame   0x00001fd8       0x2c c:/program files (x86)/cypress/psoc creator/3.2/psoc creator/import/gnu/arm/4.8.4/bin/../lib/gcc/arm-none-eabi/4.8.4/../../../../arm-none-eabi/lib/armv6-m\libg_s.a(lib_a-init.o)
 .debug_frame   0x00002004       0x28 c:/program files (x86)/cypress/psoc creator/3.2/psoc creator/import/gnu/arm/4.8.4/bin/../lib/gcc/arm-none-eabi/4.8.4/../../../../arm-none-eabi/lib/armv6-m\libg_s.a(lib_a-memcpy-stub.o)
 .debug_frame   0x0000202c       0x20 c:/program files (x86)/cypress/psoc creator/3.2/psoc creator/import/gnu/arm/4.8.4/bin/../lib/gcc/arm-none-eabi/4.8.4/../../../../arm-none-eabi/lib/armv6-m\libg_s.a(lib_a-memset.o)

.debug_str      0x00000000     0x1b05
 *(.debug_str)
 .debug_str     0x00000000      0x128 .\CortexM0\ARM_GCC_484\Debug\main.o
                                0x161 (size before relaxing)
 .debug_str     0x00000128       0xc0 .\CortexM0\ARM_GCC_484\Debug\DSP_Class.o
                                0x21f (size before relaxing)
 .debug_str     0x000001e8      0x142 .\CortexM0\ARM_GCC_484\Debug\I2C_Class.o
                                0x2c4 (size before relaxing)
 .debug_str     0x0000032a       0xda .\CortexM0\ARM_GCC_484\Debug\PSoC_Master_Class.o
                                0x256 (size before relaxing)
 .debug_str     0x00000404       0x97 .\CortexM0\ARM_GCC_484\Debug\UART_Class.o
                                0x215 (size before relaxing)
 .debug_str     0x0000049b       0x5b .\CortexM0\ARM_GCC_484\Debug\cymetadata.o
                                0x1b4 (size before relaxing)
 .debug_str     0x000004f6      0x12f .\CortexM0\ARM_GCC_484\Debug\Cm0Start.o
                                0x2a2 (size before relaxing)
 .debug_str     0x00000625       0xfd .\CortexM0\ARM_GCC_484\Debug\PSoC_Master.a(cyfitter_cfg.o)
                                0x29a (size before relaxing)
 .debug_str     0x00000722      0x138 .\CortexM0\ARM_GCC_484\Debug\PSoC_Master.a(timer_ISR.o)
                                0x2cf (size before relaxing)
 .debug_str     0x0000085a       0x90 .\CortexM0\ARM_GCC_484\Debug\PSoC_Master.a(RedLED.o)
                                0x1f3 (size before relaxing)
 .debug_str     0x000008ea      0x117 .\CortexM0\ARM_GCC_484\Debug\PSoC_Master.a(UART.o)
                                0x28a (size before relaxing)
 .debug_str     0x00000a01      0x137 .\CortexM0\ARM_GCC_484\Debug\PSoC_Master.a(UART_SPI_UART.o)
                                0x2a8 (size before relaxing)
 .debug_str     0x00000b38       0xe9 .\CortexM0\ARM_GCC_484\Debug\PSoC_Master.a(UART_UART.o)
                                0x266 (size before relaxing)
 .debug_str     0x00000c21      0x112 .\CortexM0\ARM_GCC_484\Debug\PSoC_Master.a(UART_ISR.o)
                                0x2c1 (size before relaxing)
 .debug_str     0x00000d33       0xe9 .\CortexM0\ARM_GCC_484\Debug\PSoC_Master.a(I2C.o)
                                0x27d (size before relaxing)
 .debug_str     0x00000e1c       0x7a .\CortexM0\ARM_GCC_484\Debug\PSoC_Master.a(I2C_I2C.o)
                                0x1e7 (size before relaxing)
 .debug_str     0x00000e96      0x22c .\CortexM0\ARM_GCC_484\Debug\PSoC_Master.a(I2C_I2C_MASTER.o)
                                0x3e4 (size before relaxing)
 .debug_str     0x000010c2       0x7e .\CortexM0\ARM_GCC_484\Debug\PSoC_Master.a(BlueLED.o)
                                0x1f9 (size before relaxing)
 .debug_str     0x00001140      0x176 .\CortexM0\ARM_GCC_484\Debug\PSoC_Master.a(Timer.o)
                                0x2e8 (size before relaxing)
 .debug_str     0x000012b6       0x7e .\CortexM0\ARM_GCC_484\Debug\PSoC_Master.a(I2C_sda.o)
                                0x1f9 (size before relaxing)
 .debug_str     0x00001334       0x7e .\CortexM0\ARM_GCC_484\Debug\PSoC_Master.a(I2C_scl.o)
                                0x1f9 (size before relaxing)
 .debug_str     0x000013b2      0x70a .\CortexM0\ARM_GCC_484\Debug\PSoC_Master.a(CyLib.o)
                                0x8bb (size before relaxing)
 .debug_str     0x00001abc       0x49 .\CortexM0\ARM_GCC_484\Debug\PSoC_Master.a(I2C_I2C_INT.o)
                                0x284 (size before relaxing)

.debug_loc
 *(.debug_loc)

.debug_macinfo
 *(.debug_macinfo)

.debug_ranges   0x00000000      0x7a8
 *(.debug_ranges)
 .debug_ranges  0x00000000       0x10 .\CortexM0\ARM_GCC_484\Debug\main.o
 .debug_ranges  0x00000010       0x40 .\CortexM0\ARM_GCC_484\Debug\DSP_Class.o
 .debug_ranges  0x00000050       0x48 .\CortexM0\ARM_GCC_484\Debug\I2C_Class.o
 .debug_ranges  0x00000098       0x30 .\CortexM0\ARM_GCC_484\Debug\PSoC_Master_Class.o
 .debug_ranges  0x000000c8       0x48 .\CortexM0\ARM_GCC_484\Debug\UART_Class.o
 .debug_ranges  0x00000110       0x38 .\CortexM0\ARM_GCC_484\Debug\Cm0Start.o
 .debug_ranges  0x00000148       0x40 .\CortexM0\ARM_GCC_484\Debug\PSoC_Master.a(cyfitter_cfg.o)
 .debug_ranges  0x00000188       0x70 .\CortexM0\ARM_GCC_484\Debug\PSoC_Master.a(timer_ISR.o)
 .debug_ranges  0x000001f8       0x30 .\CortexM0\ARM_GCC_484\Debug\PSoC_Master.a(RedLED.o)
 .debug_ranges  0x00000228       0x58 .\CortexM0\ARM_GCC_484\Debug\PSoC_Master.a(UART.o)
 .debug_ranges  0x00000280       0x50 .\CortexM0\ARM_GCC_484\Debug\PSoC_Master.a(UART_SPI_UART.o)
 .debug_ranges  0x000002d0       0x40 .\CortexM0\ARM_GCC_484\Debug\PSoC_Master.a(UART_UART.o)
 .debug_ranges  0x00000310       0x70 .\CortexM0\ARM_GCC_484\Debug\PSoC_Master.a(UART_ISR.o)
 .debug_ranges  0x00000380       0x58 .\CortexM0\ARM_GCC_484\Debug\PSoC_Master.a(I2C.o)
 .debug_ranges  0x000003d8       0x18 .\CortexM0\ARM_GCC_484\Debug\PSoC_Master.a(I2C_I2C.o)
 .debug_ranges  0x000003f0       0x78 .\CortexM0\ARM_GCC_484\Debug\PSoC_Master.a(I2C_I2C_MASTER.o)
 .debug_ranges  0x00000468       0x30 .\CortexM0\ARM_GCC_484\Debug\PSoC_Master.a(BlueLED.o)
 .debug_ranges  0x00000498       0x80 .\CortexM0\ARM_GCC_484\Debug\PSoC_Master.a(Timer.o)
 .debug_ranges  0x00000518       0x30 .\CortexM0\ARM_GCC_484\Debug\PSoC_Master.a(I2C_sda.o)
 .debug_ranges  0x00000548       0x30 .\CortexM0\ARM_GCC_484\Debug\PSoC_Master.a(I2C_scl.o)
 .debug_ranges  0x00000578      0x220 .\CortexM0\ARM_GCC_484\Debug\PSoC_Master.a(CyLib.o)
 .debug_ranges  0x00000798       0x10 .\CortexM0\ARM_GCC_484\Debug\PSoC_Master.a(I2C_I2C_INT.o)

.comment        0x00000000       0x70
 .comment       0x00000000       0x70 .\CortexM0\ARM_GCC_484\Debug\main.o
                                 0x71 (size before relaxing)
 .comment       0x00000000       0x71 .\CortexM0\ARM_GCC_484\Debug\DSP_Class.o
 .comment       0x00000000       0x71 .\CortexM0\ARM_GCC_484\Debug\I2C_Class.o
 .comment       0x00000000       0x71 .\CortexM0\ARM_GCC_484\Debug\PSoC_Master_Class.o
 .comment       0x00000000       0x71 .\CortexM0\ARM_GCC_484\Debug\UART_Class.o
 .comment       0x00000000       0x71 .\CortexM0\ARM_GCC_484\Debug\cymetadata.o
 .comment       0x00000000       0x71 .\CortexM0\ARM_GCC_484\Debug\Cm0Start.o
 .comment       0x00000000       0x71 .\CortexM0\ARM_GCC_484\Debug\PSoC_Master.a(cyfitter_cfg.o)
 .comment       0x00000000       0x71 .\CortexM0\ARM_GCC_484\Debug\PSoC_Master.a(timer_ISR.o)
 .comment       0x00000000       0x71 .\CortexM0\ARM_GCC_484\Debug\PSoC_Master.a(RedLED.o)
 .comment       0x00000000       0x71 .\CortexM0\ARM_GCC_484\Debug\PSoC_Master.a(UART.o)
 .comment       0x00000000       0x71 .\CortexM0\ARM_GCC_484\Debug\PSoC_Master.a(UART_SPI_UART.o)
 .comment       0x00000000       0x71 .\CortexM0\ARM_GCC_484\Debug\PSoC_Master.a(UART_UART.o)
 .comment       0x00000000       0x71 .\CortexM0\ARM_GCC_484\Debug\PSoC_Master.a(UART_ISR.o)
 .comment       0x00000000       0x71 .\CortexM0\ARM_GCC_484\Debug\PSoC_Master.a(I2C.o)
 .comment       0x00000000       0x71 .\CortexM0\ARM_GCC_484\Debug\PSoC_Master.a(I2C_I2C.o)
 .comment       0x00000000       0x71 .\CortexM0\ARM_GCC_484\Debug\PSoC_Master.a(I2C_I2C_MASTER.o)
 .comment       0x00000000       0x71 .\CortexM0\ARM_GCC_484\Debug\PSoC_Master.a(BlueLED.o)
 .comment       0x00000000       0x71 .\CortexM0\ARM_GCC_484\Debug\PSoC_Master.a(Timer.o)
 .comment       0x00000000       0x71 .\CortexM0\ARM_GCC_484\Debug\PSoC_Master.a(I2C_sda.o)
 .comment       0x00000000       0x71 .\CortexM0\ARM_GCC_484\Debug\PSoC_Master.a(I2C_scl.o)
 .comment       0x00000000       0x71 .\CortexM0\ARM_GCC_484\Debug\PSoC_Master.a(CyLib.o)
 .comment       0x00000000       0x71 .\CortexM0\ARM_GCC_484\Debug\PSoC_Master.a(I2C_I2C_INT.o)

.debug_weaknames
 *(.debug_weaknames)

.debug_funcnames
 *(.debug_funcnames)

.debug_typenames
 *(.debug_typenames)

.debug_varnames
 *(.debug_varnames)

.note.gnu.arm.ident
 *(.note.gnu.arm.ident)

.ARM.attributes
                0x00000000       0x28
 *(.ARM.attributes)
 .ARM.attributes
                0x00000000       0x1e c:/program files (x86)/cypress/psoc creator/3.2/psoc creator/import/gnu/arm/4.8.4/bin/../lib/gcc/arm-none-eabi/4.8.4/armv6-m/crti.o
 .ARM.attributes
                0x0000001e       0x2c c:/program files (x86)/cypress/psoc creator/3.2/psoc creator/import/gnu/arm/4.8.4/bin/../lib/gcc/arm-none-eabi/4.8.4/armv6-m/crtbegin.o
 .ARM.attributes
                0x0000004a       0x1b c:/program files (x86)/cypress/psoc creator/3.2/psoc creator/import/gnu/arm/4.8.4/bin/../lib/gcc/arm-none-eabi/4.8.4/../../../../arm-none-eabi/lib/armv6-m/crt0.o
 .ARM.attributes
                0x00000065       0x31 .\CortexM0\ARM_GCC_484\Debug\main.o
 .ARM.attributes
                0x00000096       0x31 .\CortexM0\ARM_GCC_484\Debug\DSP_Class.o
 .ARM.attributes
                0x000000c7       0x31 .\CortexM0\ARM_GCC_484\Debug\I2C_Class.o
 .ARM.attributes
                0x000000f8       0x31 .\CortexM0\ARM_GCC_484\Debug\PSoC_Master_Class.o
 .ARM.attributes
                0x00000129       0x31 .\CortexM0\ARM_GCC_484\Debug\UART_Class.o
 .ARM.attributes
                0x0000015a       0x31 .\CortexM0\ARM_GCC_484\Debug\cymetadata.o
 .ARM.attributes
                0x0000018b       0x31 .\CortexM0\ARM_GCC_484\Debug\Cm0Start.o
 .ARM.attributes
                0x000001bc       0x31 .\CortexM0\ARM_GCC_484\Debug\PSoC_Master.a(cyfitter_cfg.o)
 .ARM.attributes
                0x000001ed       0x31 .\CortexM0\ARM_GCC_484\Debug\PSoC_Master.a(timer_ISR.o)
 .ARM.attributes
                0x0000021e       0x31 .\CortexM0\ARM_GCC_484\Debug\PSoC_Master.a(RedLED.o)
 .ARM.attributes
                0x0000024f       0x31 .\CortexM0\ARM_GCC_484\Debug\PSoC_Master.a(UART.o)
 .ARM.attributes
                0x00000280       0x31 .\CortexM0\ARM_GCC_484\Debug\PSoC_Master.a(UART_SPI_UART.o)
 .ARM.attributes
                0x000002b1       0x31 .\CortexM0\ARM_GCC_484\Debug\PSoC_Master.a(UART_UART.o)
 .ARM.attributes
                0x000002e2       0x31 .\CortexM0\ARM_GCC_484\Debug\PSoC_Master.a(UART_ISR.o)
 .ARM.attributes
                0x00000313       0x31 .\CortexM0\ARM_GCC_484\Debug\PSoC_Master.a(I2C.o)
 .ARM.attributes
                0x00000344       0x31 .\CortexM0\ARM_GCC_484\Debug\PSoC_Master.a(I2C_I2C.o)
 .ARM.attributes
                0x00000375       0x31 .\CortexM0\ARM_GCC_484\Debug\PSoC_Master.a(I2C_I2C_MASTER.o)
 .ARM.attributes
                0x000003a6       0x31 .\CortexM0\ARM_GCC_484\Debug\PSoC_Master.a(BlueLED.o)
 .ARM.attributes
                0x000003d7       0x31 .\CortexM0\ARM_GCC_484\Debug\PSoC_Master.a(Timer.o)
 .ARM.attributes
                0x00000408       0x31 .\CortexM0\ARM_GCC_484\Debug\PSoC_Master.a(I2C_sda.o)
 .ARM.attributes
                0x00000439       0x31 .\CortexM0\ARM_GCC_484\Debug\PSoC_Master.a(I2C_scl.o)
 .ARM.attributes
                0x0000046a       0x21 .\CortexM0\ARM_GCC_484\Debug\PSoC_Master.a(CyBootAsmGnu.o)
 .ARM.attributes
                0x0000048b       0x31 .\CortexM0\ARM_GCC_484\Debug\PSoC_Master.a(CyLib.o)
 .ARM.attributes
                0x000004bc       0x31 .\CortexM0\ARM_GCC_484\Debug\PSoC_Master.a(I2C_I2C_INT.o)
 .ARM.attributes
                0x000004ed       0x1e c:/program files (x86)/cypress/psoc creator/3.2/psoc creator/import/gnu/arm/4.8.4/bin/../lib/gcc/arm-none-eabi/4.8.4/armv6-m\libgcc.a(_udivsi3.o)
 .ARM.attributes
                0x0000050b       0x1e c:/program files (x86)/cypress/psoc creator/3.2/psoc creator/import/gnu/arm/4.8.4/bin/../lib/gcc/arm-none-eabi/4.8.4/armv6-m\libgcc.a(_divsi3.o)
 .ARM.attributes
                0x00000529       0x1e c:/program files (x86)/cypress/psoc creator/3.2/psoc creator/import/gnu/arm/4.8.4/bin/../lib/gcc/arm-none-eabi/4.8.4/armv6-m\libgcc.a(_dvmd_tls.o)
 .ARM.attributes
                0x00000547       0x1e c:/program files (x86)/cypress/psoc creator/3.2/psoc creator/import/gnu/arm/4.8.4/bin/../lib/gcc/arm-none-eabi/4.8.4/armv6-m\libgcc.a(_aeabi_ldivmod.o)
 .ARM.attributes
                0x00000565       0x2c c:/program files (x86)/cypress/psoc creator/3.2/psoc creator/import/gnu/arm/4.8.4/bin/../lib/gcc/arm-none-eabi/4.8.4/armv6-m\libgcc.a(_fixunssfsi.o)
 .ARM.attributes
                0x00000591       0x2c c:/program files (x86)/cypress/psoc creator/3.2/psoc creator/import/gnu/arm/4.8.4/bin/../lib/gcc/arm-none-eabi/4.8.4/armv6-m\libgcc.a(_floatdisf.o)
 .ARM.attributes
                0x000005bd       0x2c c:/program files (x86)/cypress/psoc creator/3.2/psoc creator/import/gnu/arm/4.8.4/bin/../lib/gcc/arm-none-eabi/4.8.4/armv6-m\libgcc.a(bpabi.o)
 .ARM.attributes
                0x000005e9       0x2c c:/program files (x86)/cypress/psoc creator/3.2/psoc creator/import/gnu/arm/4.8.4/bin/../lib/gcc/arm-none-eabi/4.8.4/armv6-m\libgcc.a(subsf3.o)
 .ARM.attributes
                0x00000615       0x2c c:/program files (x86)/cypress/psoc creator/3.2/psoc creator/import/gnu/arm/4.8.4/bin/../lib/gcc/arm-none-eabi/4.8.4/armv6-m\libgcc.a(fixsfsi.o)
 .ARM.attributes
                0x00000641       0x2c c:/program files (x86)/cypress/psoc creator/3.2/psoc creator/import/gnu/arm/4.8.4/bin/../lib/gcc/arm-none-eabi/4.8.4/armv6-m\libgcc.a(adddf3.o)
 .ARM.attributes
                0x0000066d       0x2c c:/program files (x86)/cypress/psoc creator/3.2/psoc creator/import/gnu/arm/4.8.4/bin/../lib/gcc/arm-none-eabi/4.8.4/armv6-m\libgcc.a(muldf3.o)
 .ARM.attributes
                0x00000699       0x2c c:/program files (x86)/cypress/psoc creator/3.2/psoc creator/import/gnu/arm/4.8.4/bin/../lib/gcc/arm-none-eabi/4.8.4/armv6-m\libgcc.a(floatsidf.o)
 .ARM.attributes
                0x000006c5       0x2c c:/program files (x86)/cypress/psoc creator/3.2/psoc creator/import/gnu/arm/4.8.4/bin/../lib/gcc/arm-none-eabi/4.8.4/armv6-m\libgcc.a(floatunsidf.o)
 .ARM.attributes
                0x000006f1       0x2c c:/program files (x86)/cypress/psoc creator/3.2/psoc creator/import/gnu/arm/4.8.4/bin/../lib/gcc/arm-none-eabi/4.8.4/armv6-m\libgcc.a(truncdfsf2.o)
 .ARM.attributes
                0x0000071d       0x1e c:/program files (x86)/cypress/psoc creator/3.2/psoc creator/import/gnu/arm/4.8.4/bin/../lib/gcc/arm-none-eabi/4.8.4/armv6-m\libgcc.a(_arm_cmpsf2.o)
 .ARM.attributes
                0x0000073b       0x1e c:/program files (x86)/cypress/psoc creator/3.2/psoc creator/import/gnu/arm/4.8.4/bin/../lib/gcc/arm-none-eabi/4.8.4/armv6-m\libgcc.a(_clzsi2.o)
 .ARM.attributes
                0x00000759       0x2c c:/program files (x86)/cypress/psoc creator/3.2/psoc creator/import/gnu/arm/4.8.4/bin/../lib/gcc/arm-none-eabi/4.8.4/armv6-m\libgcc.a(_muldi3.o)
 .ARM.attributes
                0x00000785       0x2c c:/program files (x86)/cypress/psoc creator/3.2/psoc creator/import/gnu/arm/4.8.4/bin/../lib/gcc/arm-none-eabi/4.8.4/armv6-m\libgcc.a(_divdi3.o)
 .ARM.attributes
                0x000007b1       0x2c c:/program files (x86)/cypress/psoc creator/3.2/psoc creator/import/gnu/arm/4.8.4/bin/../lib/gcc/arm-none-eabi/4.8.4/armv6-m\libgcc.a(_udivdi3.o)
 .ARM.attributes
                0x000007dd       0x2c c:/program files (x86)/cypress/psoc creator/3.2/psoc creator/import/gnu/arm/4.8.4/bin/../lib/gcc/arm-none-eabi/4.8.4/armv6-m\libgcc.a(eqsf2.o)
 .ARM.attributes
                0x00000809       0x2c c:/program files (x86)/cypress/psoc creator/3.2/psoc creator/import/gnu/arm/4.8.4/bin/../lib/gcc/arm-none-eabi/4.8.4/armv6-m\libgcc.a(gesf2.o)
 .ARM.attributes
                0x00000835       0x2c c:/program files (x86)/cypress/psoc creator/3.2/psoc creator/import/gnu/arm/4.8.4/bin/../lib/gcc/arm-none-eabi/4.8.4/armv6-m\libgcc.a(lesf2.o)
 .ARM.attributes
                0x00000861       0x2c c:/program files (x86)/cypress/psoc creator/3.2/psoc creator/import/gnu/arm/4.8.4/bin/../lib/gcc/arm-none-eabi/4.8.4/../../../../arm-none-eabi/lib/armv6-m\libg_s.a(lib_a-errno.o)
 .ARM.attributes
                0x0000088d       0x2c c:/program files (x86)/cypress/psoc creator/3.2/psoc creator/import/gnu/arm/4.8.4/bin/../lib/gcc/arm-none-eabi/4.8.4/../../../../arm-none-eabi/lib/armv6-m\libg_s.a(lib_a-exit.o)
 .ARM.attributes
                0x000008b9       0x2c c:/program files (x86)/cypress/psoc creator/3.2/psoc creator/import/gnu/arm/4.8.4/bin/../lib/gcc/arm-none-eabi/4.8.4/../../../../arm-none-eabi/lib/armv6-m\libg_s.a(lib_a-impure.o)
 .ARM.attributes
                0x000008e5       0x2c c:/program files (x86)/cypress/psoc creator/3.2/psoc creator/import/gnu/arm/4.8.4/bin/../lib/gcc/arm-none-eabi/4.8.4/../../../../arm-none-eabi/lib/armv6-m\libg_s.a(lib_a-init.o)
 .ARM.attributes
                0x00000911       0x2c c:/program files (x86)/cypress/psoc creator/3.2/psoc creator/import/gnu/arm/4.8.4/bin/../lib/gcc/arm-none-eabi/4.8.4/../../../../arm-none-eabi/lib/armv6-m\libg_s.a(lib_a-memcpy-stub.o)
 .ARM.attributes
                0x0000093d       0x2c c:/program files (x86)/cypress/psoc creator/3.2/psoc creator/import/gnu/arm/4.8.4/bin/../lib/gcc/arm-none-eabi/4.8.4/../../../../arm-none-eabi/lib/armv6-m\libg_s.a(lib_a-memset.o)
 .ARM.attributes
                0x00000969       0x2c c:/program files (x86)/cypress/psoc creator/3.2/psoc creator/import/gnu/arm/4.8.4/bin/../lib/gcc/arm-none-eabi/4.8.4/armv6-m/crtend.o
 .ARM.attributes
                0x00000995       0x1e c:/program files (x86)/cypress/psoc creator/3.2/psoc creator/import/gnu/arm/4.8.4/bin/../lib/gcc/arm-none-eabi/4.8.4/armv6-m/crtn.o

/DISCARD/
 *(.note.GNU-stack)
OUTPUT(.\CortexM0\ARM_GCC_484\Debug\PSoC_Master.elf elf32-littlearm)
